understander: nvidia (understander.nvidia_vl)

frames 15  annotated 43  matched 43  unmatched 0  spurious 0
evidence crops 86  accepted 83  rejected 3  (3.5%)
vlm calls 83  avoided 3  per person 1.93  per 1000 frames 5533
not_visible from gate 3  from model 38
latency mean 11684ms  median 4747ms  p95 60118ms  total 971s

head_covering: accuracy  69.8% over 43   unsupported claims 4
    present      support  30  predicted  24  precision 100.0%  recall  80.0%
    absent       support   0  predicted   8  precision   0.0%  recall   n/a
    not_visible  support  13  predicted   6  precision 100.0%  recall  46.2%
    unknown      support   0  predicted   5  precision   0.0%  recall   n/a
    truth not_visible  -> {'absent': 4, 'not_visible': 6, 'unknown': 3}
    truth present      -> {'absent': 4, 'present': 24, 'unknown': 2}
    FALSE ABSENT on a true PRESENT: 4   false PRESENT on a true ABSENT: 0

hand_covering: accuracy  81.4% over 43   unsupported claims 2
    absent       support   3  predicted   3  precision  33.3%  recall  33.3%
    not_visible  support  40  predicted  35  precision  97.1%  recall  85.0%
    unknown      support   0  predicted   5  precision   0.0%  recall   n/a
    truth absent       -> {'absent': 1, 'not_visible': 1, 'unknown': 1}
    truth not_visible  -> {'absent': 2, 'not_visible': 34, 'unknown': 4}
    FALSE ABSENT on a true PRESENT: 0   false PRESENT on a true ABSENT: 0

failures: {'unknown_failure_reason': 10, 'unknown_handling_failure': 6, 'vlm_failure': 4, 'semantic_model_failure': 1}

written: datasets\kitchen-01\results\phase42.json
